C51 COMPILER V9.56.0.0   MAIN                                                              12/29/2017 20:15:56 PAGE 1   


C51 COMPILER V9.56.0.0, COMPILATION OF MODULE MAIN
OBJECT MODULE PLACED IN main.OBJ
COMPILER INVOKED BY: C:\Keil_C51\C51\BIN\C51.EXE main.c OPTIMIZE(8,SPEED) BROWSE DEBUG OBJECTEXTEND

line level    source

   1          #include <reg52.h>
   2          
   3          
   4          /*************************************************************************
   5          - Function    : 动态数码管实验
   6          - Description : 数码管动态显示数字1-100
   7          - Hardware    : 位选 - P2.7  段选 - P2.6
   8          - Author      : Y.
   9          - Date        : 2017.12
  10           *************************************************************************/
  11           
  12           
  13           /* 定义常用变量类型 */
  14          typedef unsigned char u8;
  15          typedef unsigned int u16;
  16          
  17          /* 定义全局变量 */
  18          u8 code table[] = {0x3f,0x06,0x5b,0x4f,                 // 共阴数码管码表
  19                             0x66,0x6d,0x7d,0x07,
  20                             0x7f,0x6f,0x77,0x7c,
  21                             0x39,0x5e,0x79,0x71};
  22          
  23          u8 temp,bai,shi,ge,tt;
  24                                             
  25          /* 位变量声明 */
  26          sbit dula = P2^6;                                       // 控制段选
  27          sbit wela = P2^7;                                       // 控制位选
  28          
  29          /* 声明子函数 */                                   
  30          void delay(u16);                                        // 延时函数
  31          void display(u16,u16,u16);                              // 显示函数
  32          void Timer_Init();                                      // 定时器初始化函数
  33                                             
  34          
  35          /*************************************************************************
  36           Function    : 主程序
  37           Description : None 
  38          **************************************************************************/
  39          void main()
  40          {
  41   1                                                               
  42   1              Timer_Init();                                     // 定时器初始化
  43   1              
  44   1              while(1)
  45   1              {
  46   2                      if(tt == 20)                                  // 5000us * 20 = 1s
  47   2                      {
  48   3                      
  49   3                              tt = 0;
  50   3                              temp++;
  51   3                                               
  52   3                              if(temp == 100)                           // 100s重置
  53   3                              {
  54   4                                      temp = 0;
  55   4                              }
C51 COMPILER V9.56.0.0   MAIN                                                              12/29/2017 20:15:56 PAGE 2   

  56   3                                                       
  57   3                              bai = temp/100;                           // 分离百位
  58   3                              shi = (temp%100)/10;                      // 分离十位
  59   3                              ge = temp%10;                             // 分离个位
  60   3                      }
  61   2                      
  62   2                      display(bai,shi,ge);                          // 显示函数
  63   2              }
  64   1              
  65   1           
  66   1      }
  67          
  68          
  69          /*************************************************************************
  70           Function    : 延时子程序
  71           Description : 延时 x 毫秒(非精确延时)
  72          **************************************************************************/
  73          void delay(u16 xms)
  74          {
  75   1          u16 x,y;
  76   1              for(x=xms;x>0;x--)
  77   1          {
  78   2                  for(y=125;y>0;y--);
  79   2              }
  80   1      }
  81          
  82          
  83          /*************************************************************************
  84           Function    : 数码管显示程序
  85           Description : 显示1-100
  86          **************************************************************************/
  87          void display(u16 bai,u16 shi,u16 ge)
  88          {
  89   1              dula = 1;
  90   1              P0 = table[bai];                                // 百位
  91   1              dula = 0;
  92   1      
  93   1              wela = 1;
  94   1              P0 = 0xfe;
  95   1              wela = 0;
  96   1              
  97   1              delay(1);
  98   1              P0 = 0x00;
  99   1      
 100   1              dula = 1;
 101   1              P0 = table[shi];                                // 十位
 102   1              dula = 0;
 103   1      
 104   1              wela = 1;
 105   1              P0 = 0xfd;
 106   1              wela = 0;
 107   1                      
 108   1              delay(1);
 109   1              P0 = 0x00;      
 110   1      
 111   1              dula = 1;
 112   1              P0 = table[ge];                                 // 个位
 113   1              dula = 0;
 114   1      
 115   1              wela = 1;
 116   1              P0 = 0xfb;
 117   1              wela = 0;
C51 COMPILER V9.56.0.0   MAIN                                                              12/29/2017 20:15:56 PAGE 3   

 118   1                      
 119   1              delay(1);
 120   1              P0 = 0x00;
 121   1      }
 122          
 123          
 124          /*************************************************************************
 125           Function    : 定时器初始化
 126           Description : NONE
 127          **************************************************************************/
 128          void Timer_Init ()                               
 129          {
 130   1              EA = 1;
 131   1              ET0 = 1;
 132   1              TMOD = 0x01;
 133   1              TH0 = (65536-50000)/256;
 134   1              TL0 = (65536-50000)%256;
 135   1              TR0 = 1;        
 136   1              
 137   1              temp = 0;
 138   1      }
 139          
 140          
 141          /*************************************************************************
 142           Function    : 定时器0
 143           Description : 控制数码管显示时间
 144          **************************************************************************/
 145          void timer0() interrupt 1
 146          {
 147   1              TH0 = (65536-50000)/256;
 148   1              TL0 = (65536-50000)%256;
 149   1              tt++;
 150   1      }


MODULE INFORMATION:   STATIC OVERLAYABLE
   CODE SIZE        =    227    ----
   CONSTANT SIZE    =     16    ----
   XDATA SIZE       =   ----    ----
   PDATA SIZE       =   ----    ----
   DATA SIZE        =      5       2
   IDATA SIZE       =   ----    ----
   BIT SIZE         =   ----    ----
END OF MODULE INFORMATION.


C51 COMPILATION COMPLETE.  0 WARNING(S),  0 ERROR(S)
